01:11:24 **** Build of configuration Debug for project smart_jtag ****
make pre-build main-build 
a9-linaro-pre-build-step
 
Building file: ../src/freertos_hello_world.c
Invoking: ARM v7 gcc compiler
arm-none-eabi-gcc -Wall -O0 -g3 -c -fmessage-length=0 -MT"src/freertos_hello_world.o" -mcpu=cortex-a9 -mfpu=vfpv3 -mfloat-abi=hard -I../../smart_jtag_bsp/ps7_cortexa9_0/include -MMD -MP -MF"src/freertos_hello_world.d" -MT"src/freertos_hello_world.o" -o "src/freertos_hello_world.o" "../src/freertos_hello_world.c"
Finished building: ../src/freertos_hello_world.c
 
Building target: smart_jtag.elf
Invoking: ARM v7 gcc linker
arm-none-eabi-gcc -mcpu=cortex-a9 -mfpu=vfpv3 -mfloat-abi=hard -Wl,-build-id=none -specs=Xilinx.spec -Wl,-T -Wl,../src/lscript.ld -L../../smart_jtag_bsp/ps7_cortexa9_0/lib -o "smart_jtag.elf"  ./src/freertos_hello_world.o   -Wl,--start-group,-lxil,-lfreertos,-lgcc,-lc,--end-group
Finished building target: smart_jtag.elf
 
Invoking: ARM v7 Print Size
arm-none-eabi-size smart_jtag.elf  |tee "smart_jtag.elf.size"
   text	   data	    bss	    dec	    hex	filename
  89560	   3380	  89424	 182364	  2c85c	smart_jtag.elf
Finished building: smart_jtag.elf.size
 

01:11:24 Build Finished (took 529ms)

